  Geri y├╝klenecek projeler belirleniyor...
  Geri y├╝kleme i├ğin t├╝m projeler g├╝ncel.
C:\Program Files\dotnet\sdk\10.0.101\Microsoft.Common.CurrentVersion.targets(5381,5): warning MSB3026: "C:\Users\LENOVO\.gemini\antigravity\scratch\RestaurantOtomasyon\obj\Debug\net10.0-windows\apphost.exe", "bin\Debug\net10.0-windows\RestaurantOtomasyon.exe" ├╝zerine kopyalanamad─▒. 1 numaral─▒ yeniden denemeye 1000 ms i├ğinde ba┼şlanacak. The process cannot access the file 'C:\Users\LENOVO\.gemini\antigravity\scratch\RestaurantOtomasyon\bin\Debug\net10.0-windows\RestaurantOtomasyon.exe' because it is being used by another process. Dosya ┼şunun taraf─▒ndan kilitlendi: "RestaurantOtomasyon (24344)" [C:\Users\LENOVO\.gemini\antigravity\scratch\RestaurantOtomasyon\RestaurantOtomasyon.csproj]
C:\Program Files\dotnet\sdk\10.0.101\Microsoft.Common.CurrentVersion.targets(5381,5): warning MSB3026: "C:\Users\LENOVO\.gemini\antigravity\scratch\RestaurantOtomasyon\obj\Debug\net10.0-windows\apphost.exe", "bin\Debug\net10.0-windows\RestaurantOtomasyon.exe" ├╝zerine kopyalanamad─▒. 2 numaral─▒ yeniden denemeye 1000 ms i├ğinde ba┼şlanacak. The process cannot access the file 'C:\Users\LENOVO\.gemini\antigravity\scratch\RestaurantOtomasyon\bin\Debug\net10.0-windows\RestaurantOtomasyon.exe' because it is being used by another process. Dosya ┼şunun taraf─▒ndan kilitlendi: "RestaurantOtomasyon (24344)" [C:\Users\LENOVO\.gemini\antigravity\scratch\RestaurantOtomasyon\RestaurantOtomasyon.csproj]
C:\Program Files\dotnet\sdk\10.0.101\Microsoft.Common.CurrentVersion.targets(5381,5): warning MSB3026: "C:\Users\LENOVO\.gemini\antigravity\scratch\RestaurantOtomasyon\obj\Debug\net10.0-windows\apphost.exe", "bin\Debug\net10.0-windows\RestaurantOtomasyon.exe" ├╝zerine kopyalanamad─▒. 3 numaral─▒ yeniden denemeye 1000 ms i├ğinde ba┼şlanacak. The process cannot access the file 'C:\Users\LENOVO\.gemini\antigravity\scratch\RestaurantOtomasyon\bin\Debug\net10.0-windows\RestaurantOtomasyon.exe' because it is being used by another process. Dosya ┼şunun taraf─▒ndan kilitlendi: "RestaurantOtomasyon (24344)" [C:\Users\LENOVO\.gemini\antigravity\scratch\RestaurantOtomasyon\RestaurantOtomasyon.csproj]
C:\Program Files\dotnet\sdk\10.0.101\Microsoft.Common.CurrentVersion.targets(5381,5): warning MSB3026: "C:\Users\LENOVO\.gemini\antigravity\scratch\RestaurantOtomasyon\obj\Debug\net10.0-windows\apphost.exe", "bin\Debug\net10.0-windows\RestaurantOtomasyon.exe" ├╝zerine kopyalanamad─▒. 4 numaral─▒ yeniden denemeye 1000 ms i├ğinde ba┼şlanacak. The process cannot access the file 'C:\Users\LENOVO\.gemini\antigravity\scratch\RestaurantOtomasyon\bin\Debug\net10.0-windows\RestaurantOtomasyon.exe' because it is being used by another process. Dosya ┼şunun taraf─▒ndan kilitlendi: "RestaurantOtomasyon (24344)" [C:\Users\LENOVO\.gemini\antigravity\scratch\RestaurantOtomasyon\RestaurantOtomasyon.csproj]
C:\Program Files\dotnet\sdk\10.0.101\Microsoft.Common.CurrentVersion.targets(5381,5): warning MSB3026: "C:\Users\LENOVO\.gemini\antigravity\scratch\RestaurantOtomasyon\obj\Debug\net10.0-windows\apphost.exe", "bin\Debug\net10.0-windows\RestaurantOtomasyon.exe" ├╝zerine kopyalanamad─▒. 5 numaral─▒ yeniden denemeye 1000 ms i├ğinde ba┼şlanacak. The process cannot access the file 'C:\Users\LENOVO\.gemini\antigravity\scratch\RestaurantOtomasyon\bin\Debug\net10.0-windows\RestaurantOtomasyon.exe' because it is being used by another process. Dosya ┼şunun taraf─▒ndan kilitlendi: "RestaurantOtomasyon (24344)" [C:\Users\LENOVO\.gemini\antigravity\scratch\RestaurantOtomasyon\RestaurantOtomasyon.csproj]
C:\Program Files\dotnet\sdk\10.0.101\Microsoft.Common.CurrentVersion.targets(5381,5): warning MSB3026: "C:\Users\LENOVO\.gemini\antigravity\scratch\RestaurantOtomasyon\obj\Debug\net10.0-windows\apphost.exe", "bin\Debug\net10.0-windows\RestaurantOtomasyon.exe" ├╝zerine kopyalanamad─▒. 6 numaral─▒ yeniden denemeye 1000 ms i├ğinde ba┼şlanacak. The process cannot access the file 'C:\Users\LENOVO\.gemini\antigravity\scratch\RestaurantOtomasyon\bin\Debug\net10.0-windows\RestaurantOtomasyon.exe' because it is being used by another process. Dosya ┼şunun taraf─▒ndan kilitlendi: "RestaurantOtomasyon (24344)" [C:\Users\LENOVO\.gemini\antigravity\scratch\RestaurantOtomasyon\RestaurantOtomasyon.csproj]
C:\Program Files\dotnet\sdk\10.0.101\Microsoft.Common.CurrentVersion.targets(5381,5): warning MSB3026: "C:\Users\LENOVO\.gemini\antigravity\scratch\RestaurantOtomasyon\obj\Debug\net10.0-windows\apphost.exe", "bin\Debug\net10.0-windows\RestaurantOtomasyon.exe" ├╝zerine kopyalanamad─▒. 7 numaral─▒ yeniden denemeye 1000 ms i├ğinde ba┼şlanacak. The process cannot access the file 'C:\Users\LENOVO\.gemini\antigravity\scratch\RestaurantOtomasyon\bin\Debug\net10.0-windows\RestaurantOtomasyon.exe' because it is being used by another process. Dosya ┼şunun taraf─▒ndan kilitlendi: "RestaurantOtomasyon (24344)" [C:\Users\LENOVO\.gemini\antigravity\scratch\RestaurantOtomasyon\RestaurantOtomasyon.csproj]
C:\Program Files\dotnet\sdk\10.0.101\Microsoft.Common.CurrentVersion.targets(5381,5): warning MSB3026: "C:\Users\LENOVO\.gemini\antigravity\scratch\RestaurantOtomasyon\obj\Debug\net10.0-windows\apphost.exe", "bin\Debug\net10.0-windows\RestaurantOtomasyon.exe" ├╝zerine kopyalanamad─▒. 8 numaral─▒ yeniden denemeye 1000 ms i├ğinde ba┼şlanacak. The process cannot access the file 'C:\Users\LENOVO\.gemini\antigravity\scratch\RestaurantOtomasyon\bin\Debug\net10.0-windows\RestaurantOtomasyon.exe' because it is being used by another process. Dosya ┼şunun taraf─▒ndan kilitlendi: "RestaurantOtomasyon (24344)" [C:\Users\LENOVO\.gemini\antigravity\scratch\RestaurantOtomasyon\RestaurantOtomasyon.csproj]
C:\Program Files\dotnet\sdk\10.0.101\Microsoft.Common.CurrentVersion.targets(5381,5): warning MSB3026: "C:\Users\LENOVO\.gemini\antigravity\scratch\RestaurantOtomasyon\obj\Debug\net10.0-windows\apphost.exe", "bin\Debug\net10.0-windows\RestaurantOtomasyon.exe" ├╝zerine kopyalanamad─▒. 9 numaral─▒ yeniden denemeye 1000 ms i├ğinde ba┼şlanacak. The process cannot access the file 'C:\Users\LENOVO\.gemini\antigravity\scratch\RestaurantOtomasyon\bin\Debug\net10.0-windows\RestaurantOtomasyon.exe' because it is being used by another process. Dosya ┼şunun taraf─▒ndan kilitlendi: "RestaurantOtomasyon (24344)" [C:\Users\LENOVO\.gemini\antigravity\scratch\RestaurantOtomasyon\RestaurantOtomasyon.csproj]
C:\Program Files\dotnet\sdk\10.0.101\Microsoft.Common.CurrentVersion.targets(5381,5): warning MSB3026: "C:\Users\LENOVO\.gemini\antigravity\scratch\RestaurantOtomasyon\obj\Debug\net10.0-windows\apphost.exe", "bin\Debug\net10.0-windows\RestaurantOtomasyon.exe" ├╝zerine kopyalanamad─▒. 10 numaral─▒ yeniden denemeye 1000 ms i├ğinde ba┼şlanacak. The process cannot access the file 'C:\Users\LENOVO\.gemini\antigravity\scratch\RestaurantOtomasyon\bin\Debug\net10.0-windows\RestaurantOtomasyon.exe' because it is being used by another process. Dosya ┼şunun taraf─▒ndan kilitlendi: "RestaurantOtomasyon (24344)" [C:\Users\LENOVO\.gemini\antigravity\scratch\RestaurantOtomasyon\RestaurantOtomasyon.csproj]
C:\Program Files\dotnet\sdk\10.0.101\Microsoft.Common.CurrentVersion.targets(5381,5): error MSB3027: "C:\Users\LENOVO\.gemini\antigravity\scratch\RestaurantOtomasyon\obj\Debug\net10.0-windows\apphost.exe", "bin\Debug\net10.0-windows\RestaurantOtomasyon.exe" ├╝zerine kopyalanamad─▒. 10 yeniden deneme say─▒s─▒ a┼ş─▒ld─▒. Ba┼şar─▒s─▒z oldu. Dosya ┼şunun taraf─▒ndan kilitlendi: "RestaurantOtomasyon (24344)" [C:\Users\LENOVO\.gemini\antigravity\scratch\RestaurantOtomasyon\RestaurantOtomasyon.csproj]
C:\Program Files\dotnet\sdk\10.0.101\Microsoft.Common.CurrentVersion.targets(5381,5): error MSB3021: "C:\Users\LENOVO\.gemini\antigravity\scratch\RestaurantOtomasyon\obj\Debug\net10.0-windows\apphost.exe" dosyas─▒ "bin\Debug\net10.0-windows\RestaurantOtomasyon.exe" ├╝zerine kopyalanam─▒yor. The process cannot access the file 'C:\Users\LENOVO\.gemini\antigravity\scratch\RestaurantOtomasyon\bin\Debug\net10.0-windows\RestaurantOtomasyon.exe' because it is being used by another process. [C:\Users\LENOVO\.gemini\antigravity\scratch\RestaurantOtomasyon\RestaurantOtomasyon.csproj]

Olu┼şturma BA┼ŞARISIZ OLDU.

C:\Program Files\dotnet\sdk\10.0.101\Microsoft.Common.CurrentVersion.targets(5381,5): warning MSB3026: "C:\Users\LENOVO\.gemini\antigravity\scratch\RestaurantOtomasyon\obj\Debug\net10.0-windows\apphost.exe", "bin\Debug\net10.0-windows\RestaurantOtomasyon.exe" ├╝zerine kopyalanamad─▒. 1 numaral─▒ yeniden denemeye 1000 ms i├ğinde ba┼şlanacak. The process cannot access the file 'C:\Users\LENOVO\.gemini\antigravity\scratch\RestaurantOtomasyon\bin\Debug\net10.0-windows\RestaurantOtomasyon.exe' because it is being used by another process. Dosya ┼şunun taraf─▒ndan kilitlendi: "RestaurantOtomasyon (24344)" [C:\Users\LENOVO\.gemini\antigravity\scratch\RestaurantOtomasyon\RestaurantOtomasyon.csproj]
C:\Program Files\dotnet\sdk\10.0.101\Microsoft.Common.CurrentVersion.targets(5381,5): warning MSB3026: "C:\Users\LENOVO\.gemini\antigravity\scratch\RestaurantOtomasyon\obj\Debug\net10.0-windows\apphost.exe", "bin\Debug\net10.0-windows\RestaurantOtomasyon.exe" ├╝zerine kopyalanamad─▒. 2 numaral─▒ yeniden denemeye 1000 ms i├ğinde ba┼şlanacak. The process cannot access the file 'C:\Users\LENOVO\.gemini\antigravity\scratch\RestaurantOtomasyon\bin\Debug\net10.0-windows\RestaurantOtomasyon.exe' because it is being used by another process. Dosya ┼şunun taraf─▒ndan kilitlendi: "RestaurantOtomasyon (24344)" [C:\Users\LENOVO\.gemini\antigravity\scratch\RestaurantOtomasyon\RestaurantOtomasyon.csproj]
C:\Program Files\dotnet\sdk\10.0.101\Microsoft.Common.CurrentVersion.targets(5381,5): warning MSB3026: "C:\Users\LENOVO\.gemini\antigravity\scratch\RestaurantOtomasyon\obj\Debug\net10.0-windows\apphost.exe", "bin\Debug\net10.0-windows\RestaurantOtomasyon.exe" ├╝zerine kopyalanamad─▒. 3 numaral─▒ yeniden denemeye 1000 ms i├ğinde ba┼şlanacak. The process cannot access the file 'C:\Users\LENOVO\.gemini\antigravity\scratch\RestaurantOtomasyon\bin\Debug\net10.0-windows\RestaurantOtomasyon.exe' because it is being used by another process. Dosya ┼şunun taraf─▒ndan kilitlendi: "RestaurantOtomasyon (24344)" [C:\Users\LENOVO\.gemini\antigravity\scratch\RestaurantOtomasyon\RestaurantOtomasyon.csproj]
C:\Program Files\dotnet\sdk\10.0.101\Microsoft.Common.CurrentVersion.targets(5381,5): warning MSB3026: "C:\Users\LENOVO\.gemini\antigravity\scratch\RestaurantOtomasyon\obj\Debug\net10.0-windows\apphost.exe", "bin\Debug\net10.0-windows\RestaurantOtomasyon.exe" ├╝zerine kopyalanamad─▒. 4 numaral─▒ yeniden denemeye 1000 ms i├ğinde ba┼şlanacak. The process cannot access the file 'C:\Users\LENOVO\.gemini\antigravity\scratch\RestaurantOtomasyon\bin\Debug\net10.0-windows\RestaurantOtomasyon.exe' because it is being used by another process. Dosya ┼şunun taraf─▒ndan kilitlendi: "RestaurantOtomasyon (24344)" [C:\Users\LENOVO\.gemini\antigravity\scratch\RestaurantOtomasyon\RestaurantOtomasyon.csproj]
C:\Program Files\dotnet\sdk\10.0.101\Microsoft.Common.CurrentVersion.targets(5381,5): warning MSB3026: "C:\Users\LENOVO\.gemini\antigravity\scratch\RestaurantOtomasyon\obj\Debug\net10.0-windows\apphost.exe", "bin\Debug\net10.0-windows\RestaurantOtomasyon.exe" ├╝zerine kopyalanamad─▒. 5 numaral─▒ yeniden denemeye 1000 ms i├ğinde ba┼şlanacak. The process cannot access the file 'C:\Users\LENOVO\.gemini\antigravity\scratch\RestaurantOtomasyon\bin\Debug\net10.0-windows\RestaurantOtomasyon.exe' because it is being used by another process. Dosya ┼şunun taraf─▒ndan kilitlendi: "RestaurantOtomasyon (24344)" [C:\Users\LENOVO\.gemini\antigravity\scratch\RestaurantOtomasyon\RestaurantOtomasyon.csproj]
C:\Program Files\dotnet\sdk\10.0.101\Microsoft.Common.CurrentVersion.targets(5381,5): warning MSB3026: "C:\Users\LENOVO\.gemini\antigravity\scratch\RestaurantOtomasyon\obj\Debug\net10.0-windows\apphost.exe", "bin\Debug\net10.0-windows\RestaurantOtomasyon.exe" ├╝zerine kopyalanamad─▒. 6 numaral─▒ yeniden denemeye 1000 ms i├ğinde ba┼şlanacak. The process cannot access the file 'C:\Users\LENOVO\.gemini\antigravity\scratch\RestaurantOtomasyon\bin\Debug\net10.0-windows\RestaurantOtomasyon.exe' because it is being used by another process. Dosya ┼şunun taraf─▒ndan kilitlendi: "RestaurantOtomasyon (24344)" [C:\Users\LENOVO\.gemini\antigravity\scratch\RestaurantOtomasyon\RestaurantOtomasyon.csproj]
C:\Program Files\dotnet\sdk\10.0.101\Microsoft.Common.CurrentVersion.targets(5381,5): warning MSB3026: "C:\Users\LENOVO\.gemini\antigravity\scratch\RestaurantOtomasyon\obj\Debug\net10.0-windows\apphost.exe", "bin\Debug\net10.0-windows\RestaurantOtomasyon.exe" ├╝zerine kopyalanamad─▒. 7 numaral─▒ yeniden denemeye 1000 ms i├ğinde ba┼şlanacak. The process cannot access the file 'C:\Users\LENOVO\.gemini\antigravity\scratch\RestaurantOtomasyon\bin\Debug\net10.0-windows\RestaurantOtomasyon.exe' because it is being used by another process. Dosya ┼şunun taraf─▒ndan kilitlendi: "RestaurantOtomasyon (24344)" [C:\Users\LENOVO\.gemini\antigravity\scratch\RestaurantOtomasyon\RestaurantOtomasyon.csproj]
C:\Program Files\dotnet\sdk\10.0.101\Microsoft.Common.CurrentVersion.targets(5381,5): warning MSB3026: "C:\Users\LENOVO\.gemini\antigravity\scratch\RestaurantOtomasyon\obj\Debug\net10.0-windows\apphost.exe", "bin\Debug\net10.0-windows\RestaurantOtomasyon.exe" ├╝zerine kopyalanamad─▒. 8 numaral─▒ yeniden denemeye 1000 ms i├ğinde ba┼şlanacak. The process cannot access the file 'C:\Users\LENOVO\.gemini\antigravity\scratch\RestaurantOtomasyon\bin\Debug\net10.0-windows\RestaurantOtomasyon.exe' because it is being used by another process. Dosya ┼şunun taraf─▒ndan kilitlendi: "RestaurantOtomasyon (24344)" [C:\Users\LENOVO\.gemini\antigravity\scratch\RestaurantOtomasyon\RestaurantOtomasyon.csproj]
C:\Program Files\dotnet\sdk\10.0.101\Microsoft.Common.CurrentVersion.targets(5381,5): warning MSB3026: "C:\Users\LENOVO\.gemini\antigravity\scratch\RestaurantOtomasyon\obj\Debug\net10.0-windows\apphost.exe", "bin\Debug\net10.0-windows\RestaurantOtomasyon.exe" ├╝zerine kopyalanamad─▒. 9 numaral─▒ yeniden denemeye 1000 ms i├ğinde ba┼şlanacak. The process cannot access the file 'C:\Users\LENOVO\.gemini\antigravity\scratch\RestaurantOtomasyon\bin\Debug\net10.0-windows\RestaurantOtomasyon.exe' because it is being used by another process. Dosya ┼şunun taraf─▒ndan kilitlendi: "RestaurantOtomasyon (24344)" [C:\Users\LENOVO\.gemini\antigravity\scratch\RestaurantOtomasyon\RestaurantOtomasyon.csproj]
C:\Program Files\dotnet\sdk\10.0.101\Microsoft.Common.CurrentVersion.targets(5381,5): warning MSB3026: "C:\Users\LENOVO\.gemini\antigravity\scratch\RestaurantOtomasyon\obj\Debug\net10.0-windows\apphost.exe", "bin\Debug\net10.0-windows\RestaurantOtomasyon.exe" ├╝zerine kopyalanamad─▒. 10 numaral─▒ yeniden denemeye 1000 ms i├ğinde ba┼şlanacak. The process cannot access the file 'C:\Users\LENOVO\.gemini\antigravity\scratch\RestaurantOtomasyon\bin\Debug\net10.0-windows\RestaurantOtomasyon.exe' because it is being used by another process. Dosya ┼şunun taraf─▒ndan kilitlendi: "RestaurantOtomasyon (24344)" [C:\Users\LENOVO\.gemini\antigravity\scratch\RestaurantOtomasyon\RestaurantOtomasyon.csproj]
C:\Program Files\dotnet\sdk\10.0.101\Microsoft.Common.CurrentVersion.targets(5381,5): error MSB3027: "C:\Users\LENOVO\.gemini\antigravity\scratch\RestaurantOtomasyon\obj\Debug\net10.0-windows\apphost.exe", "bin\Debug\net10.0-windows\RestaurantOtomasyon.exe" ├╝zerine kopyalanamad─▒. 10 yeniden deneme say─▒s─▒ a┼ş─▒ld─▒. Ba┼şar─▒s─▒z oldu. Dosya ┼şunun taraf─▒ndan kilitlendi: "RestaurantOtomasyon (24344)" [C:\Users\LENOVO\.gemini\antigravity\scratch\RestaurantOtomasyon\RestaurantOtomasyon.csproj]
C:\Program Files\dotnet\sdk\10.0.101\Microsoft.Common.CurrentVersion.targets(5381,5): error MSB3021: "C:\Users\LENOVO\.gemini\antigravity\scratch\RestaurantOtomasyon\obj\Debug\net10.0-windows\apphost.exe" dosyas─▒ "bin\Debug\net10.0-windows\RestaurantOtomasyon.exe" ├╝zerine kopyalanam─▒yor. The process cannot access the file 'C:\Users\LENOVO\.gemini\antigravity\scratch\RestaurantOtomasyon\bin\Debug\net10.0-windows\RestaurantOtomasyon.exe' because it is being used by another process. [C:\Users\LENOVO\.gemini\antigravity\scratch\RestaurantOtomasyon\RestaurantOtomasyon.csproj]
    10 Uyar─▒
    2 Hata

Ge├ğen S├╝re 00:00:11.88
